stm32f411x_i2c.c:25:13:I2C_GenerateStartCondition	16	static
stm32f411x_i2c.c:30:13:I2C_GenerateStopCondition	16	static
stm32f411x_i2c.c:35:16:I2C_GetFlagStatus	24	static
stm32f411x_i2c.c:48:13:I2C_ExecuteAddressPhaseWrite	16	static
stm32f411x_i2c.c:56:13:I2C_ExecuteAddressPhaseRead	16	static
stm32f411x_i2c.c:64:13:I2C_ClearAddrFlag	24	static
stm32f411x_i2c.c:105:6:I2C_PeripheralClockControl	16	static
stm32f411x_i2c.c:139:6:I2C_Init	24	static
stm32f411x_i2c.c:210:6:I2C_PeripheralControl	16	static
stm32f411x_i2c.c:222:10:RCC_GetPCLK1Value	24	static
stm32f411x_i2c.c:265:6:I2C_MasterSendData	24	static
stm32f411x_i2c.c:309:6:I2C_MasterReceiveData	32	static
stm32f411x_i2c.c:390:6:I2C_ManageAcking	16	static
stm32f411x_i2c.c:404:6:I2C_GpioInit	32	static
stm32f411x_i2c.c:433:6:I2C_IRQInterruptConfig	24	static
stm32f411x_i2c.c:479:6:I2C_IRQPriorityConfig	24	static
stm32f411x_i2c.c:489:9:I2C_MasterSendDataIT	32	static
stm32f411x_i2c.c:519:9:I2C_MasterReceiveDataIT	32	static
stm32f411x_i2c.c:548:6:I2C_CloseReceiveData	16	static
stm32f411x_i2c.c:566:6:I2C_CloseSendData	16	static
stm32f411x_i2c.c:579:6:I2C_Event_IRQHandling	32	static
stm32f411x_i2c.c:716:6:I2C_Error_IRQHandling	24	static
stm32f411x_i2c.c:792:6:I2C_InterruptsStatud	16	static
stm32f411x_i2c.c:800:6:I2C_ApplicationEventCallback	16	static
